  FAIL tinyblas_gemm_f16_tc2s_nn  NN out f32  alpha 1.0 beta 0.0  m 48 n 40 k 72 batch 3: err 5.00e-02 <-- over tolerance
  FAIL tinyblas_gemm_f16_tc2s_nn  NN out f32  alpha 0.5 beta 2.0  m 48 n 40 k 72 batch 3: err 4.11e-02 <-- over tolerance
  FAIL tinyblas_gemm_f16_tc2s_nn  NN out f16  alpha 1.0 beta 0.0  m 48 n 40 k 72 batch 3: err 4.98e-02 <-- over tolerance
  FAIL tinyblas_gemm_f16_tc2s_nn  NN out f16  alpha 0.5 beta 2.0  m 48 n 40 k 72 batch 3: err 3.83e-02 <-- over tolerance
  FAIL tinyblas_gemm_f16_tc2s_nt  NT out f32  alpha 1.0 beta 0.0  m 48 n 40 k 72 batch 3: err 5.00e-02 <-- over tolerance
  FAIL tinyblas_gemm_f16_tc2s_nt  NT out f32  alpha 0.5 beta 2.0  m 48 n 40 k 72 batch 3: err 3.88e-02 <-- over tolerance
  FAIL tinyblas_gemm_f16_tc2s_nt  NT out f16  alpha 1.0 beta 0.0  m 48 n 40 k 72 batch 3: err 5.05e-02 <-- over tolerance
  FAIL tinyblas_gemm_f16_tc2s_nt  NT out f16  alpha 0.5 beta 2.0  m 48 n 40 k 72 batch 3: err 3.87e-02 <-- over tolerance
  FAIL tinyblas_gemm_f16_tc2s_tn  TN out f32  alpha 1.0 beta 0.0  m 48 n 40 k 72 batch 3: err 5.00e-02 <-- over tolerance
  FAIL tinyblas_gemm_f16_tc2s_tn  TN out f32  alpha 0.5 beta 2.0  m 48 n 40 k 72 batch 3: err 4.89e-02 <-- over tolerance
  FAIL tinyblas_gemm_f16_tc2s_tn  TN out f16  alpha 1.0 beta 0.0  m 48 n 40 k 72 batch 3: err 4.94e-02 <-- over tolerance
  FAIL tinyblas_gemm_f16_tc2s_tn  TN out f16  alpha 0.5 beta 2.0  m 48 n 40 k 72 batch 3: err 4.04e-02 <-- over tolerance
  FAIL tinyblas_gemm_f16_tc2s_tt  TT out f32  alpha 1.0 beta 0.0  m 48 n 40 k 72 batch 3: err 5.00e-02 <-- over tolerance
  FAIL tinyblas_gemm_f16_tc2s_tt  TT out f32  alpha 0.5 beta 2.0  m 48 n 40 k 72 batch 3: err 3.86e-02 <-- over tolerance
  FAIL tinyblas_gemm_f16_tc2s_tt  TT out f16  alpha 1.0 beta 0.0  m 48 n 40 k 72 batch 3: err 5.02e-02 <-- over tolerance
  FAIL tinyblas_gemm_f16_tc2s_tt  TT out f16  alpha 0.5 beta 2.0  m 48 n 40 k 72 batch 3: err 4.02e-02 <-- over tolerance
  FAIL tinyblas_gemm_bf16_tc2s_nn NN out f32  alpha 1.0 beta 0.0  m 48 n 40 k 72 batch 3: err 5.00e-02 <-- over tolerance
  FAIL tinyblas_gemm_bf16_tc2s_nn NN out f32  alpha 0.5 beta 2.0  m 48 n 40 k 72 batch 3: err 3.70e-02 <-- over tolerance
  FAIL tinyblas_gemm_bf16_tc2s_nn NN out bf16 alpha 1.0 beta 0.0  m 48 n 40 k 72 batch 3: err 5.00e-02 <-- over tolerance
  FAIL tinyblas_gemm_bf16_tc2s_nn NN out bf16 alpha 0.5 beta 2.0  m 48 n 40 k 72 batch 3: err 3.92e-02 <-- over tolerance
  FAIL tinyblas_gemm_bf16_tc2s_nt NT out f32  alpha 1.0 beta 0.0  m 48 n 40 k 72 batch 3: err 5.00e-02 <-- over tolerance
  FAIL tinyblas_gemm_bf16_tc2s_nt NT out f32  alpha 0.5 beta 2.0  m 48 n 40 k 72 batch 3: err 4.29e-02 <-- over tolerance
  FAIL tinyblas_gemm_bf16_tc2s_nt NT out bf16 alpha 1.0 beta 0.0  m 48 n 40 k 72 batch 3: err 4.69e-02 <-- over tolerance
  FAIL tinyblas_gemm_bf16_tc2s_nt NT out bf16 alpha 0.5 beta 2.0  m 48 n 40 k 72 batch 3: err 3.57e-02 <-- over tolerance
  FAIL tinyblas_gemm_bf16_tc2s_tn TN out f32  alpha 1.0 beta 0.0  m 48 n 40 k 72 batch 3: err 5.00e-02 <-- over tolerance
  FAIL tinyblas_gemm_bf16_tc2s_tn TN out f32  alpha 0.5 beta 2.0  m 48 n 40 k 72 batch 3: err 3.96e-02 <-- over tolerance
  FAIL tinyblas_gemm_bf16_tc2s_tn TN out bf16 alpha 1.0 beta 0.0  m 48 n 40 k 72 batch 3: err 5.14e-02 <-- over tolerance
  FAIL tinyblas_gemm_bf16_tc2s_tn TN out bf16 alpha 0.5 beta 2.0  m 48 n 40 k 72 batch 3: err 3.86e-02 <-- over tolerance
  FAIL tinyblas_gemm_bf16_tc2s_tt TT out f32  alpha 1.0 beta 0.0  m 48 n 40 k 72 batch 3: err 5.00e-02 <-- over tolerance
  FAIL tinyblas_gemm_bf16_tc2s_tt TT out f32  alpha 0.5 beta 2.0  m 48 n 40 k 72 batch 3: err 4.18e-02 <-- over tolerance
  FAIL tinyblas_gemm_bf16_tc2s_tt TT out bf16 alpha 1.0 beta 0.0  m 48 n 40 k 72 batch 3: err 4.91e-02 <-- over tolerance
  FAIL tinyblas_gemm_bf16_tc2s_tt TT out bf16 alpha 0.5 beta 2.0  m 48 n 40 k 72 batch 3: err 4.48e-02 <-- over tolerance
bench_gemm_contract matrix-control (kernel alpha x1.05): 32 case(s), 32 over tolerance - EVERY case refused, as it must
