  ok   tinyblas_gemm_f16_tc2s_nn  NN out f32  alpha 1.0 beta 0.0  m 48 n 40 k 72 batch 3: err 0.00e+00 
  ok   tinyblas_gemm_f16_tc2s_nn  NN out f32  alpha 0.5 beta 2.0  m 48 n 40 k 72 batch 3: err 0.00e+00 
  ok   tinyblas_gemm_f16_tc2s_nn  NN out f16  alpha 1.0 beta 0.0  m 48 n 40 k 72 batch 3: err 0.00e+00 
  ok   tinyblas_gemm_f16_tc2s_nn  NN out f16  alpha 0.5 beta 2.0  m 48 n 40 k 72 batch 3: err 0.00e+00 
  ok   tinyblas_gemm_f16_tc2s_nt  NT out f32  alpha 1.0 beta 0.0  m 48 n 40 k 72 batch 3: err 0.00e+00 
  ok   tinyblas_gemm_f16_tc2s_nt  NT out f32  alpha 0.5 beta 2.0  m 48 n 40 k 72 batch 3: err 0.00e+00 
  ok   tinyblas_gemm_f16_tc2s_nt  NT out f16  alpha 1.0 beta 0.0  m 48 n 40 k 72 batch 3: err 0.00e+00 
  ok   tinyblas_gemm_f16_tc2s_nt  NT out f16  alpha 0.5 beta 2.0  m 48 n 40 k 72 batch 3: err 0.00e+00 
  ok   tinyblas_gemm_f16_tc2s_tn  TN out f32  alpha 1.0 beta 0.0  m 48 n 40 k 72 batch 3: err 0.00e+00 
  ok   tinyblas_gemm_f16_tc2s_tn  TN out f32  alpha 0.5 beta 2.0  m 48 n 40 k 72 batch 3: err 0.00e+00 
  ok   tinyblas_gemm_f16_tc2s_tn  TN out f16  alpha 1.0 beta 0.0  m 48 n 40 k 72 batch 3: err 0.00e+00 
  ok   tinyblas_gemm_f16_tc2s_tn  TN out f16  alpha 0.5 beta 2.0  m 48 n 40 k 72 batch 3: err 0.00e+00 
  ok   tinyblas_gemm_f16_tc2s_tt  TT out f32  alpha 1.0 beta 0.0  m 48 n 40 k 72 batch 3: err 0.00e+00 
  ok   tinyblas_gemm_f16_tc2s_tt  TT out f32  alpha 0.5 beta 2.0  m 48 n 40 k 72 batch 3: err 0.00e+00 
  ok   tinyblas_gemm_f16_tc2s_tt  TT out f16  alpha 1.0 beta 0.0  m 48 n 40 k 72 batch 3: err 0.00e+00 
  ok   tinyblas_gemm_f16_tc2s_tt  TT out f16  alpha 0.5 beta 2.0  m 48 n 40 k 72 batch 3: err 0.00e+00 
  ok   tinyblas_gemm_bf16_tc2s_nn NN out f32  alpha 1.0 beta 0.0  m 48 n 40 k 72 batch 3: err 0.00e+00 
  ok   tinyblas_gemm_bf16_tc2s_nn NN out f32  alpha 0.5 beta 2.0  m 48 n 40 k 72 batch 3: err 0.00e+00 
  ok   tinyblas_gemm_bf16_tc2s_nn NN out bf16 alpha 1.0 beta 0.0  m 48 n 40 k 72 batch 3: err 0.00e+00 
  ok   tinyblas_gemm_bf16_tc2s_nn NN out bf16 alpha 0.5 beta 2.0  m 48 n 40 k 72 batch 3: err 0.00e+00 
  ok   tinyblas_gemm_bf16_tc2s_nt NT out f32  alpha 1.0 beta 0.0  m 48 n 40 k 72 batch 3: err 0.00e+00 
  ok   tinyblas_gemm_bf16_tc2s_nt NT out f32  alpha 0.5 beta 2.0  m 48 n 40 k 72 batch 3: err 0.00e+00 
  ok   tinyblas_gemm_bf16_tc2s_nt NT out bf16 alpha 1.0 beta 0.0  m 48 n 40 k 72 batch 3: err 0.00e+00 
  ok   tinyblas_gemm_bf16_tc2s_nt NT out bf16 alpha 0.5 beta 2.0  m 48 n 40 k 72 batch 3: err 0.00e+00 
  ok   tinyblas_gemm_bf16_tc2s_tn TN out f32  alpha 1.0 beta 0.0  m 48 n 40 k 72 batch 3: err 0.00e+00 
  ok   tinyblas_gemm_bf16_tc2s_tn TN out f32  alpha 0.5 beta 2.0  m 48 n 40 k 72 batch 3: err 0.00e+00 
  ok   tinyblas_gemm_bf16_tc2s_tn TN out bf16 alpha 1.0 beta 0.0  m 48 n 40 k 72 batch 3: err 0.00e+00 
  ok   tinyblas_gemm_bf16_tc2s_tn TN out bf16 alpha 0.5 beta 2.0  m 48 n 40 k 72 batch 3: err 0.00e+00 
  ok   tinyblas_gemm_bf16_tc2s_tt TT out f32  alpha 1.0 beta 0.0  m 48 n 40 k 72 batch 3: err 0.00e+00 
  ok   tinyblas_gemm_bf16_tc2s_tt TT out f32  alpha 0.5 beta 2.0  m 48 n 40 k 72 batch 3: err 0.00e+00 
  ok   tinyblas_gemm_bf16_tc2s_tt TT out bf16 alpha 1.0 beta 0.0  m 48 n 40 k 72 batch 3: err 0.00e+00 
  ok   tinyblas_gemm_bf16_tc2s_tt TT out bf16 alpha 0.5 beta 2.0  m 48 n 40 k 72 batch 3: err 0.00e+00 
bench_gemm_contract matrix: 32 case(s), 0 over tolerance
