=== host: pop-os Wed Sep 23 03:07:13 AM CST 2026 up:  03:07:13 up 9 days, 3 min,  5 users,  load average: 0.15, 0.29, 0.33
NVIDIA GeForce RTX 3090, 580.126.18, 1 MiB, 24576 MiB, 0 %
toolkit: Build cuda_13.0.r13.0/compiler.36424714_0
gemm.cu sha256: bbb21c8d5c671761  test sha256: 5a0fa4fd89c618f9
=== REFERENCE ARM
device: NVIDIA GeForce RTX 3090
cubin: ref.cubin
CASE kv (3B decode) m=256 n=32 k=2048 S=16 batch=1
  EXACT: entered
  EXACT PASS: 8192 of 8192 equal
  AGAIN: entered
  AGAIN PASS: 8192 of 8192 equal
  COUNTERS PASS: all 4 zero
  REF out=f32 alpha=1 beta=0: entered
  REF PASS: rel 2.75e-07 (tol 2e-03)
  REF out=bf16 alpha=0.75 beta=0.5: entered
  REF PASS: rel 0.00278 (tol 1e-02)
CASE q/o (3B decode) m=2048 n=32 k=2048 S=8 batch=1
  EXACT: entered
  EXACT PASS: 65536 of 65536 equal
  AGAIN: entered
  AGAIN PASS: 65536 of 65536 equal
  COUNTERS PASS: all 32 zero
  REF out=f32 alpha=1 beta=0: entered
  REF PASS: rel 2.46e-07 (tol 2e-03)
  REF out=bf16 alpha=0.75 beta=0.5: entered
  REF PASS: rel 0.00257 (tol 1e-02)
CASE down (3B decode) m=2048 n=32 k=11008 S=8 batch=1
  EXACT: entered
  EXACT PASS: 65536 of 65536 equal
  AGAIN: entered
  AGAIN PASS: 65536 of 65536 equal
  COUNTERS PASS: all 32 zero
  REF out=f32 alpha=1 beta=0: entered
  REF PASS: rel 1.28e-06 (tol 2e-03)
  REF out=bf16 alpha=0.75 beta=0.5: entered
  REF PASS: rel 0.00218 (tol 1e-02)
CASE tails m=200 n=20 k=1000 S=5 batch=1
  EXACT: entered
  EXACT PASS: 4000 of 4000 equal
  AGAIN: entered
  AGAIN PASS: 4000 of 4000 equal
  COUNTERS PASS: all 4 zero
  REF out=f32 alpha=1 beta=0: entered
  REF PASS: rel 1.79e-07 (tol 2e-03)
  REF out=bf16 alpha=0.75 beta=0.5: entered
  REF PASS: rel 0.00296 (tol 1e-02)
CASE empty last slice m=128 n=64 k=96 S=4 batch=1
  EXACT: entered
  EXACT PASS: 8192 of 8192 equal
  AGAIN: entered
  AGAIN PASS: 8192 of 8192 equal
  COUNTERS PASS: all 2 zero
  REF out=f32 alpha=1 beta=0: entered
  REF PASS: rel 1.16e-07 (tol 2e-03)
  REF out=bf16 alpha=0.75 beta=0.5: entered
  REF PASS: rel 0.00228 (tol 1e-02)
CASE batch 3 m=256 n=48 k=512 S=4 batch=3
  EXACT: entered
  EXACT PASS: 36864 of 36864 equal
  AGAIN: entered
  AGAIN PASS: 36864 of 36864 equal
  COUNTERS PASS: all 12 zero
  REF out=f32 alpha=1 beta=0: entered
  REF PASS: rel 1.76e-07 (tol 2e-03)
  REF out=bf16 alpha=0.75 beta=0.5: entered
  REF PASS: rel 0.00261 (tol 1e-02)
RESULT: 0 FAIL(s)
REFERENCE rc=0 (must be 0)
=== MUTANT drop_slice: 1 line(s) changed (must be 1)
  EXACT FAIL: 8192 of 8192 differ; first at 0: got -8.36166859 want -7.91736603
  AGAIN FAIL: 8192 of 8192 differ; first at 0: got -8.36166859 want -7.91736603
  REF FAIL: rel 0.245 (tol 2e-03), 0 non-finite
  REF FAIL: rel 0.247 (tol 1e-02), 0 non-finite
  EXACT FAIL: 65536 of 65536 differ; first at 0: got 12.8752537 want 7.44484138
  AGAIN FAIL: 65536 of 65536 differ; first at 0: got 12.8752537 want 7.44484138
  REF FAIL: rel 0.352 (tol 2e-03), 0 non-finite
  REF FAIL: rel 0.35 (tol 1e-02), 0 non-finite
MUTANT drop_slice exit: see RESULT above (must be >= 1 FAIL)
=== MUTANT reverse_order: 1 line(s) changed (must be 1)
  EXACT FAIL: 5941 of 8192 differ; first at 0: got -7.9173665 want -7.91736603
  AGAIN FAIL: 5941 of 8192 differ; first at 0: got -7.9173665 want -7.91736603
  EXACT FAIL: 40149 of 65536 differ; first at 0: got 7.44484043 want 7.44484138
  AGAIN FAIL: 40149 of 65536 differ; first at 0: got 7.44484043 want 7.44484138
  EXACT FAIL: 40091 of 65536 differ; first at 0: got 22.0871162 want 22.0871201
  AGAIN FAIL: 40091 of 65536 differ; first at 0: got 22.0871162 want 22.0871201
  EXACT FAIL: 2014 of 4000 differ; first at 1: got 0.926464081 want 0.926464319
  AGAIN FAIL: 2014 of 4000 differ; first at 1: got 0.926464081 want 0.926464319
MUTANT reverse_order exit: see RESULT above (must be >= 1 FAIL)
=== MUTANT no_reset: 1 line(s) changed (must be 1)
  AGAIN FAIL: 8192 of 8192 differ; first at 0: got nan want -7.91736603
  COUNTERS FAIL: 4 of 4 nonzero after the GEMM
  REF FAIL: rel 1.01 (tol 2e-03), 0 non-finite
  REF FAIL: rel 1.01 (tol 1e-02), 0 non-finite
  AGAIN FAIL: 65536 of 65536 differ; first at 0: got nan want 7.44484138
  COUNTERS FAIL: 32 of 32 nonzero after the GEMM
  REF FAIL: rel 0.998 (tol 2e-03), 0 non-finite
  REF FAIL: rel 0.995 (tol 1e-02), 0 non-finite
MUTANT no_reset exit: see RESULT above (must be >= 1 FAIL)
=== done Wed Sep 23 03:08:41 AM CST 2026
